C51 COMPILER V9.60.0.0   MAIN                                                              12/11/2022 10:49:34 PAGE 1   


C51 COMPILER V9.60.0.0, COMPILATION OF MODULE MAIN
OBJECT MODULE PLACED IN .\Objects\main.obj
COMPILER INVOKED BY: C:\Keil_v5\C51\BIN\C51.EXE main.c OPTIMIZE(8,SPEED) BROWSE DEBUG OBJECTEXTEND PRINT(.\Listings\main
                    -.lst) TABS(2) OBJECT(.\Objects\main.obj)

line level    source

   1          #include<REG51.h>
   2          
   3          main()
   4          {
   5   1        IE = 0X82;
   6   1        TMOD = 0X08;
   7   1        TCON = 0X11;
   8   1        TH0=0XFF;
   9   1        TL0=0XF0;
  10   1        P1=0X00;
  11   1        
  12   1        while(1)
  13   1        {
  14   2          P1 = 0XFF;
  15   2        }
  16   1      }
  17          
  18          void interrupt_timer_isr0(void) interrupt 1 using 2
  19          {
  20   1        TH0=0XFF;
  21   1        TL0=0XF0;
  22   1        P1=0X00;
  23   1      }
  24          
  25          void interrupt_ISR0(void) interrupt 0 using 2
  26          {
  27   1        P1=0XFF;
  28   1      }
  29          
  30            


MODULE INFORMATION:   STATIC OVERLAYABLE
   CODE SIZE        =     37    ----
   CONSTANT SIZE    =   ----    ----
   XDATA SIZE       =   ----    ----
   PDATA SIZE       =   ----    ----
   DATA SIZE        =   ----    ----
   IDATA SIZE       =   ----    ----
   BIT SIZE         =   ----    ----
END OF MODULE INFORMATION.


C51 COMPILATION COMPLETE.  0 WARNING(S),  0 ERROR(S)
